Archive member included because of file (symbol)

c:/winavr-20080512/bin/../lib/gcc/avr/4.3.0/avr5\libgcc.a(_udivmodhi4.o)
                              TEC_board_arduino_nano.o (__udivmodhi4)
c:/winavr-20080512/bin/../lib/gcc/avr/4.3.0/avr5\libgcc.a(_exit.o)
                              c:/winavr-20080512/bin/../lib/gcc/avr/4.3.0/../../../../avr/lib/avr5/crtm328p.o (exit)
c:/winavr-20080512/bin/../lib/gcc/avr/4.3.0/avr5\libgcc.a(_copy_data.o)
                              TEC_board_arduino_nano.o (__do_copy_data)
c:/winavr-20080512/bin/../lib/gcc/avr/4.3.0/avr5\libgcc.a(_clear_bss.o)
                              TEC_board_arduino_nano.o (__do_clear_bss)
c:/winavr-20080512/bin/../lib/gcc/avr/4.3.0/avr5\libgcc.a(_fixunssfsi.o)
                              TEC_board_arduino_nano.o (__fixunssfsi)
c:/winavr-20080512/bin/../lib/gcc/avr/4.3.0/avr5\libgcc.a(_addsub_sf.o)
                              TEC_board_arduino_nano.o (__subsf3)
c:/winavr-20080512/bin/../lib/gcc/avr/4.3.0/avr5\libgcc.a(_mul_sf.o)
                              TEC_board_arduino_nano.o (__mulsf3)
c:/winavr-20080512/bin/../lib/gcc/avr/4.3.0/avr5\libgcc.a(_gt_sf.o)
                              TEC_board_arduino_nano.o (__gtsf2)
c:/winavr-20080512/bin/../lib/gcc/avr/4.3.0/avr5\libgcc.a(_ge_sf.o)
                              c:/winavr-20080512/bin/../lib/gcc/avr/4.3.0/avr5\libgcc.a(_fixunssfsi.o) (__gesf2)
c:/winavr-20080512/bin/../lib/gcc/avr/4.3.0/avr5\libgcc.a(_lt_sf.o)
                              TEC_board_arduino_nano.o (__ltsf2)
c:/winavr-20080512/bin/../lib/gcc/avr/4.3.0/avr5\libgcc.a(_le_sf.o)
                              TEC_board_arduino_nano.o (__lesf2)
c:/winavr-20080512/bin/../lib/gcc/avr/4.3.0/avr5\libgcc.a(_sf_to_si.o)
                              c:/winavr-20080512/bin/../lib/gcc/avr/4.3.0/avr5\libgcc.a(_fixunssfsi.o) (__fixsfsi)
c:/winavr-20080512/bin/../lib/gcc/avr/4.3.0/avr5\libgcc.a(_thenan_sf.o)
                              c:/winavr-20080512/bin/../lib/gcc/avr/4.3.0/avr5\libgcc.a(_addsub_sf.o) (__thenan_sf)
c:/winavr-20080512/bin/../lib/gcc/avr/4.3.0/avr5\libgcc.a(_usi_to_sf.o)
                              TEC_board_arduino_nano.o (__floatunsisf)
c:/winavr-20080512/bin/../lib/gcc/avr/4.3.0/avr5\libgcc.a(_prologue.o)
                              c:/winavr-20080512/bin/../lib/gcc/avr/4.3.0/avr5\libgcc.a(_addsub_sf.o) (__prologue_saves__)
c:/winavr-20080512/bin/../lib/gcc/avr/4.3.0/avr5\libgcc.a(_epilogue.o)
                              c:/winavr-20080512/bin/../lib/gcc/avr/4.3.0/avr5\libgcc.a(_addsub_sf.o) (__epilogue_restores__)
c:/winavr-20080512/bin/../lib/gcc/avr/4.3.0/avr5\libgcc.a(_clzsi2.o)
                              c:/winavr-20080512/bin/../lib/gcc/avr/4.3.0/avr5\libgcc.a(_usi_to_sf.o) (__clzsi2)
c:/winavr-20080512/bin/../lib/gcc/avr/4.3.0/avr5\libgcc.a(_pack_sf.o)
                              c:/winavr-20080512/bin/../lib/gcc/avr/4.3.0/avr5\libgcc.a(_addsub_sf.o) (__pack_f)
c:/winavr-20080512/bin/../lib/gcc/avr/4.3.0/avr5\libgcc.a(_unpack_sf.o)
                              c:/winavr-20080512/bin/../lib/gcc/avr/4.3.0/avr5\libgcc.a(_addsub_sf.o) (__unpack_f)
c:/winavr-20080512/bin/../lib/gcc/avr/4.3.0/avr5\libgcc.a(_fpcmp_parts_sf.o)
                              c:/winavr-20080512/bin/../lib/gcc/avr/4.3.0/avr5\libgcc.a(_gt_sf.o) (__fpcmp_parts_f)
c:/winavr-20080512/bin/../lib/gcc/avr/4.3.0/avr5\libgcc.a(_clz.o)
                              c:/winavr-20080512/bin/../lib/gcc/avr/4.3.0/avr5\libgcc.a(_clzsi2.o) (__clz_tab)
c:/winavr-20080512/bin/../lib/gcc/avr/4.3.0/../../../../avr/lib/avr5\libc.a(eerd_word.o)
                              TEC_board_arduino_nano.o (__eerd_word)
c:/winavr-20080512/bin/../lib/gcc/avr/4.3.0/../../../../avr/lib/avr5\libc.a(eewr_word.o)
                              TEC_board_arduino_nano.o (__eewr_word)

Allocating common symbols
Common symbol       size              file

txBuf               0xc               TEC_board_arduino_nano.o
setData             0x2               TEC_board_arduino_nano.o
sensorData          0x4               TEC_board_arduino_nano.o
rxBuf               0xc               TEC_board_arduino_nano.o
coolerState         0x1               TEC_board_arduino_nano.o
E                   0x4               TEC_board_arduino_nano.o
U                   0x4               TEC_board_arduino_nano.o

Memory Configuration

Name             Origin             Length             Attributes
text             0x00000000         0x00020000         xr
data             0x00800060         0x0000ffa0         rw !x
eeprom           0x00810000         0x00010000         rw !x
fuse             0x00820000         0x00000400         rw !x
lock             0x00830000         0x00000400         rw !x
signature        0x00840000         0x00000400         rw !x
*default*        0x00000000         0xffffffff

Linker script and memory map

Address of section .data set to 0x800100
LOAD c:/winavr-20080512/bin/../lib/gcc/avr/4.3.0/../../../../avr/lib/avr5/crtm328p.o
LOAD TEC_board_arduino_nano.o
LOAD c:/winavr-20080512/bin/../lib/gcc/avr/4.3.0/avr5\libgcc.a
LOAD c:/winavr-20080512/bin/../lib/gcc/avr/4.3.0/../../../../avr/lib/avr5\libc.a
LOAD c:/winavr-20080512/bin/../lib/gcc/avr/4.3.0/avr5\libgcc.a

.hash
 *(.hash)

.dynsym
 *(.dynsym)

.dynstr
 *(.dynstr)

.gnu.version
 *(.gnu.version)

.gnu.version_d
 *(.gnu.version_d)

.gnu.version_r
 *(.gnu.version_r)

.rel.init
 *(.rel.init)

.rela.init
 *(.rela.init)

.rel.text
 *(.rel.text)
 *(.rel.text.*)
 *(.rel.gnu.linkonce.t*)

.rela.text
 *(.rela.text)
 *(.rela.text.*)
 *(.rela.gnu.linkonce.t*)

.rel.fini
 *(.rel.fini)

.rela.fini
 *(.rela.fini)

.rel.rodata
 *(.rel.rodata)
 *(.rel.rodata.*)
 *(.rel.gnu.linkonce.r*)

.rela.rodata
 *(.rela.rodata)
 *(.rela.rodata.*)
 *(.rela.gnu.linkonce.r*)

.rel.data
 *(.rel.data)
 *(.rel.data.*)
 *(.rel.gnu.linkonce.d*)

.rela.data
 *(.rela.data)
 *(.rela.data.*)
 *(.rela.gnu.linkonce.d*)

.rel.ctors
 *(.rel.ctors)

.rela.ctors
 *(.rela.ctors)

.rel.dtors
 *(.rel.dtors)

.rela.dtors
 *(.rela.dtors)

.rel.got
 *(.rel.got)

.rela.got
 *(.rela.got)

.rel.bss
 *(.rel.bss)

.rela.bss
 *(.rela.bss)

.rel.plt
 *(.rel.plt)

.rela.plt
 *(.rela.plt)

.text           0x00000000     0x184e
 *(.vectors)
 .vectors       0x00000000       0x68 c:/winavr-20080512/bin/../lib/gcc/avr/4.3.0/../../../../avr/lib/avr5/crtm328p.o
                0x00000000                __vectors
                0x00000000                __vector_default
 *(.vectors)
 *(.progmem.gcc*)
 *(.progmem*)
                0x00000068                . = ALIGN (0x2)
                0x00000068                __trampolines_start = .
 *(.trampolines)
 .trampolines   0x00000068        0x0 linker stubs
 *(.trampolines*)
                0x00000068                __trampolines_end = .
 *(.jumptables)
 *(.jumptables*)
 *(.lowtext)
 *(.lowtext*)
                0x00000068                __ctors_start = .
 *(.ctors)
                0x00000068                __ctors_end = .
                0x00000068                __dtors_start = .
 *(.dtors)
                0x00000068                __dtors_end = .
 SORT(*)(.ctors)
 SORT(*)(.dtors)
 *(.init0)
 .init0         0x00000068        0x0 c:/winavr-20080512/bin/../lib/gcc/avr/4.3.0/../../../../avr/lib/avr5/crtm328p.o
                0x00000068                __init
 *(.init0)
 *(.init1)
 *(.init1)
 *(.init2)
 .init2         0x00000068        0xc c:/winavr-20080512/bin/../lib/gcc/avr/4.3.0/../../../../avr/lib/avr5/crtm328p.o
 *(.init2)
 *(.init3)
 *(.init3)
 *(.init4)
 .init4         0x00000074       0x16 c:/winavr-20080512/bin/../lib/gcc/avr/4.3.0/avr5\libgcc.a(_copy_data.o)
                0x00000074                __do_copy_data
 .init4         0x0000008a       0x10 c:/winavr-20080512/bin/../lib/gcc/avr/4.3.0/avr5\libgcc.a(_clear_bss.o)
                0x0000008a                __do_clear_bss
 *(.init4)
 *(.init5)
 *(.init5)
 *(.init6)
 *(.init6)
 *(.init7)
 *(.init7)
 *(.init8)
 *(.init8)
 *(.init9)
 .init9         0x0000009a        0x8 c:/winavr-20080512/bin/../lib/gcc/avr/4.3.0/../../../../avr/lib/avr5/crtm328p.o
 *(.init9)
 *(.text)
 .text          0x000000a2        0x4 c:/winavr-20080512/bin/../lib/gcc/avr/4.3.0/../../../../avr/lib/avr5/crtm328p.o
                0x000000a2                __vector_22
                0x000000a2                __vector_1
                0x000000a2                __vector_24
                0x000000a2                __vector_12
                0x000000a2                __bad_interrupt
                0x000000a2                __vector_6
                0x000000a2                __vector_3
                0x000000a2                __vector_23
                0x000000a2                __vector_25
                0x000000a2                __vector_11
                0x000000a2                __vector_13
                0x000000a2                __vector_17
                0x000000a2                __vector_19
                0x000000a2                __vector_7
                0x000000a2                __vector_5
                0x000000a2                __vector_4
                0x000000a2                __vector_9
                0x000000a2                __vector_2
                0x000000a2                __vector_21
                0x000000a2                __vector_15
                0x000000a2                __vector_8
                0x000000a2                __vector_14
                0x000000a2                __vector_10
                0x000000a2                __vector_16
                0x000000a2                __vector_20
 .text          0x000000a6      0xa14 TEC_board_arduino_nano.o
                0x00000266                uartSendPacket
                0x00000334                presentDS18b20
                0x00000100                uartReceiveByte
                0x0000015e                onPWM
                0x0000038a                sendDS18b20
                0x000003f8                receiveDS18b20
                0x00000152                offPWM
                0x000000d0                uartInit
                0x0000049c                processPacket
                0x000000f0                uartTransmitByte
                0x000001b0                clearBuf
                0x0000028a                crc8Block
                0x00000638                main
                0x0000018c                clearRXBuf
                0x0000016a                setPWM
                0x00000186                getPWM
                0x00000130                initPWM
                0x000001a0                clearTXBuf
                0x0000010e                uartTransmitMessage
                0x000001ce                __vector_18
                0x000002b6                prepareSystemStatus
 .text          0x00000aba        0x0 c:/winavr-20080512/bin/../lib/gcc/avr/4.3.0/avr5\libgcc.a(_udivmodhi4.o)
 .text          0x00000aba        0x0 c:/winavr-20080512/bin/../lib/gcc/avr/4.3.0/avr5\libgcc.a(_exit.o)
 .text          0x00000aba        0x0 c:/winavr-20080512/bin/../lib/gcc/avr/4.3.0/avr5\libgcc.a(_copy_data.o)
 .text          0x00000aba        0x0 c:/winavr-20080512/bin/../lib/gcc/avr/4.3.0/avr5\libgcc.a(_clear_bss.o)
 .text          0x00000aba       0x58 c:/winavr-20080512/bin/../lib/gcc/avr/4.3.0/avr5\libgcc.a(_fixunssfsi.o)
                0x00000aba                __fixunssfsi
 .text          0x00000b12      0x354 c:/winavr-20080512/bin/../lib/gcc/avr/4.3.0/avr5\libgcc.a(_addsub_sf.o)
                0x00000daa                __subsf3
                0x00000e0c                __addsf3
 .text          0x00000e66      0x1f4 c:/winavr-20080512/bin/../lib/gcc/avr/4.3.0/avr5\libgcc.a(_mul_sf.o)
                0x00000e66                __mulsf3
 .text          0x0000105a       0x60 c:/winavr-20080512/bin/../lib/gcc/avr/4.3.0/avr5\libgcc.a(_gt_sf.o)
                0x0000105a                __gtsf2
 .text          0x000010ba       0x60 c:/winavr-20080512/bin/../lib/gcc/avr/4.3.0/avr5\libgcc.a(_ge_sf.o)
                0x000010ba                __gesf2
 .text          0x0000111a       0x60 c:/winavr-20080512/bin/../lib/gcc/avr/4.3.0/avr5\libgcc.a(_lt_sf.o)
                0x0000111a                __ltsf2
 .text          0x0000117a       0x60 c:/winavr-20080512/bin/../lib/gcc/avr/4.3.0/avr5\libgcc.a(_le_sf.o)
                0x0000117a                __lesf2
 .text          0x000011da       0xa8 c:/winavr-20080512/bin/../lib/gcc/avr/4.3.0/avr5\libgcc.a(_sf_to_si.o)
                0x000011da                __fixsfsi
 .text          0x00001282        0x0 c:/winavr-20080512/bin/../lib/gcc/avr/4.3.0/avr5\libgcc.a(_thenan_sf.o)
 .text          0x00001282       0xf2 c:/winavr-20080512/bin/../lib/gcc/avr/4.3.0/avr5\libgcc.a(_usi_to_sf.o)
                0x00001282                __floatunsisf
 .text          0x00001374        0x0 c:/winavr-20080512/bin/../lib/gcc/avr/4.3.0/avr5\libgcc.a(_prologue.o)
 .text          0x00001374        0x0 c:/winavr-20080512/bin/../lib/gcc/avr/4.3.0/avr5\libgcc.a(_epilogue.o)
 .text          0x00001374       0x9e c:/winavr-20080512/bin/../lib/gcc/avr/4.3.0/avr5\libgcc.a(_clzsi2.o)
                0x00001374                __clzsi2
 .text          0x00001412      0x1aa c:/winavr-20080512/bin/../lib/gcc/avr/4.3.0/avr5\libgcc.a(_pack_sf.o)
                0x00001412                __pack_f
 .text          0x000015bc       0xf0 c:/winavr-20080512/bin/../lib/gcc/avr/4.3.0/avr5\libgcc.a(_unpack_sf.o)
                0x000015bc                __unpack_f
 .text          0x000016ac       0xb2 c:/winavr-20080512/bin/../lib/gcc/avr/4.3.0/avr5\libgcc.a(_fpcmp_parts_sf.o)
                0x000016ac                __fpcmp_parts_f
 .text          0x0000175e        0x0 c:/winavr-20080512/bin/../lib/gcc/avr/4.3.0/avr5\libgcc.a(_clz.o)
 .text          0x0000175e       0x2c c:/winavr-20080512/bin/../lib/gcc/avr/4.3.0/../../../../avr/lib/avr5\libc.a(eerd_word.o)
                0x0000175e                __eerd_word
 .text          0x0000178a       0x2a c:/winavr-20080512/bin/../lib/gcc/avr/4.3.0/../../../../avr/lib/avr5\libc.a(eewr_word.o)
                0x0000178a                __eewr_word
                0x000017b4                . = ALIGN (0x2)
 *(.text.*)
 .text.libgcc   0x000017b4       0x28 c:/winavr-20080512/bin/../lib/gcc/avr/4.3.0/avr5\libgcc.a(_udivmodhi4.o)
                0x000017b4                __udivmodhi4
 .text.libgcc   0x000017dc        0x0 c:/winavr-20080512/bin/../lib/gcc/avr/4.3.0/avr5\libgcc.a(_exit.o)
 .text.libgcc   0x000017dc        0x0 c:/winavr-20080512/bin/../lib/gcc/avr/4.3.0/avr5\libgcc.a(_copy_data.o)
 .text.libgcc   0x000017dc        0x0 c:/winavr-20080512/bin/../lib/gcc/avr/4.3.0/avr5\libgcc.a(_clear_bss.o)
 .text.libgcc   0x000017dc       0x38 c:/winavr-20080512/bin/../lib/gcc/avr/4.3.0/avr5\libgcc.a(_prologue.o)
                0x000017dc                __prologue_saves__
 .text.libgcc   0x00001814       0x36 c:/winavr-20080512/bin/../lib/gcc/avr/4.3.0/avr5\libgcc.a(_epilogue.o)
                0x00001814                __epilogue_restores__
                0x0000184a                . = ALIGN (0x2)
 *(.fini9)
 .fini9         0x0000184a        0x0 c:/winavr-20080512/bin/../lib/gcc/avr/4.3.0/avr5\libgcc.a(_exit.o)
                0x0000184a                exit
                0x0000184a                _exit
 *(.fini9)
 *(.fini8)
 *(.fini8)
 *(.fini7)
 *(.fini7)
 *(.fini6)
 *(.fini6)
 *(.fini5)
 *(.fini5)
 *(.fini4)
 *(.fini4)
 *(.fini3)
 *(.fini3)
 *(.fini2)
 *(.fini2)
 *(.fini1)
 *(.fini1)
 *(.fini0)
 .fini0         0x0000184a        0x4 c:/winavr-20080512/bin/../lib/gcc/avr/4.3.0/avr5\libgcc.a(_exit.o)
 *(.fini0)
                0x0000184e                _etext = .

.data           0x00800100      0x108 load address 0x0000184e
                0x00800100                PROVIDE (__data_start, .)
 *(.data)
 .data          0x00800100        0x0 c:/winavr-20080512/bin/../lib/gcc/avr/4.3.0/../../../../avr/lib/avr5/crtm328p.o
 .data          0x00800100        0x0 TEC_board_arduino_nano.o
 .data          0x00800100        0x0 c:/winavr-20080512/bin/../lib/gcc/avr/4.3.0/avr5\libgcc.a(_udivmodhi4.o)
 .data          0x00800100        0x0 c:/winavr-20080512/bin/../lib/gcc/avr/4.3.0/avr5\libgcc.a(_exit.o)
 .data          0x00800100        0x0 c:/winavr-20080512/bin/../lib/gcc/avr/4.3.0/avr5\libgcc.a(_copy_data.o)
 .data          0x00800100        0x0 c:/winavr-20080512/bin/../lib/gcc/avr/4.3.0/avr5\libgcc.a(_clear_bss.o)
 .data          0x00800100        0x0 c:/winavr-20080512/bin/../lib/gcc/avr/4.3.0/avr5\libgcc.a(_fixunssfsi.o)
 .data          0x00800100        0x0 c:/winavr-20080512/bin/../lib/gcc/avr/4.3.0/avr5\libgcc.a(_addsub_sf.o)
 .data          0x00800100        0x0 c:/winavr-20080512/bin/../lib/gcc/avr/4.3.0/avr5\libgcc.a(_mul_sf.o)
 .data          0x00800100        0x0 c:/winavr-20080512/bin/../lib/gcc/avr/4.3.0/avr5\libgcc.a(_gt_sf.o)
 .data          0x00800100        0x0 c:/winavr-20080512/bin/../lib/gcc/avr/4.3.0/avr5\libgcc.a(_ge_sf.o)
 .data          0x00800100        0x0 c:/winavr-20080512/bin/../lib/gcc/avr/4.3.0/avr5\libgcc.a(_lt_sf.o)
 .data          0x00800100        0x0 c:/winavr-20080512/bin/../lib/gcc/avr/4.3.0/avr5\libgcc.a(_le_sf.o)
 .data          0x00800100        0x0 c:/winavr-20080512/bin/../lib/gcc/avr/4.3.0/avr5\libgcc.a(_sf_to_si.o)
 .data          0x00800100        0x8 c:/winavr-20080512/bin/../lib/gcc/avr/4.3.0/avr5\libgcc.a(_thenan_sf.o)
                0x00800100                __thenan_sf
 .data          0x00800108        0x0 c:/winavr-20080512/bin/../lib/gcc/avr/4.3.0/avr5\libgcc.a(_usi_to_sf.o)
 .data          0x00800108        0x0 c:/winavr-20080512/bin/../lib/gcc/avr/4.3.0/avr5\libgcc.a(_prologue.o)
 .data          0x00800108        0x0 c:/winavr-20080512/bin/../lib/gcc/avr/4.3.0/avr5\libgcc.a(_epilogue.o)
 .data          0x00800108        0x0 c:/winavr-20080512/bin/../lib/gcc/avr/4.3.0/avr5\libgcc.a(_clzsi2.o)
 .data          0x00800108        0x0 c:/winavr-20080512/bin/../lib/gcc/avr/4.3.0/avr5\libgcc.a(_pack_sf.o)
 .data          0x00800108        0x0 c:/winavr-20080512/bin/../lib/gcc/avr/4.3.0/avr5\libgcc.a(_unpack_sf.o)
 .data          0x00800108        0x0 c:/winavr-20080512/bin/../lib/gcc/avr/4.3.0/avr5\libgcc.a(_fpcmp_parts_sf.o)
 .data          0x00800108      0x100 c:/winavr-20080512/bin/../lib/gcc/avr/4.3.0/avr5\libgcc.a(_clz.o)
                0x00800108                __clz_tab
 .data          0x00800208        0x0 c:/winavr-20080512/bin/../lib/gcc/avr/4.3.0/../../../../avr/lib/avr5\libc.a(eerd_word.o)
 .data          0x00800208        0x0 c:/winavr-20080512/bin/../lib/gcc/avr/4.3.0/../../../../avr/lib/avr5\libc.a(eewr_word.o)
 *(.data*)
 *(.rodata)
 *(.rodata*)
 *(.gnu.linkonce.d*)
                0x00800208                . = ALIGN (0x2)
                0x00800208                _edata = .
                0x00800208                PROVIDE (__data_end, .)

.bss            0x00800208       0x2b load address 0x00001956
                0x00800208                PROVIDE (__bss_start, .)
 *(.bss)
 .bss           0x00800208        0x0 c:/winavr-20080512/bin/../lib/gcc/avr/4.3.0/../../../../avr/lib/avr5/crtm328p.o
 .bss           0x00800208        0x4 TEC_board_arduino_nano.o
                0x00800208                packetReceived
                0x0080020a                errorCode
                0x00800209                currentRXPacketLen
                0x0080020b                coolerPower
 .bss           0x0080020c        0x0 c:/winavr-20080512/bin/../lib/gcc/avr/4.3.0/avr5\libgcc.a(_udivmodhi4.o)
 .bss           0x0080020c        0x0 c:/winavr-20080512/bin/../lib/gcc/avr/4.3.0/avr5\libgcc.a(_exit.o)
 .bss           0x0080020c        0x0 c:/winavr-20080512/bin/../lib/gcc/avr/4.3.0/avr5\libgcc.a(_copy_data.o)
 .bss           0x0080020c        0x0 c:/winavr-20080512/bin/../lib/gcc/avr/4.3.0/avr5\libgcc.a(_clear_bss.o)
 .bss           0x0080020c        0x0 c:/winavr-20080512/bin/../lib/gcc/avr/4.3.0/avr5\libgcc.a(_fixunssfsi.o)
 .bss           0x0080020c        0x0 c:/winavr-20080512/bin/../lib/gcc/avr/4.3.0/avr5\libgcc.a(_addsub_sf.o)
 .bss           0x0080020c        0x0 c:/winavr-20080512/bin/../lib/gcc/avr/4.3.0/avr5\libgcc.a(_mul_sf.o)
 .bss           0x0080020c        0x0 c:/winavr-20080512/bin/../lib/gcc/avr/4.3.0/avr5\libgcc.a(_gt_sf.o)
 .bss           0x0080020c        0x0 c:/winavr-20080512/bin/../lib/gcc/avr/4.3.0/avr5\libgcc.a(_ge_sf.o)
 .bss           0x0080020c        0x0 c:/winavr-20080512/bin/../lib/gcc/avr/4.3.0/avr5\libgcc.a(_lt_sf.o)
 .bss           0x0080020c        0x0 c:/winavr-20080512/bin/../lib/gcc/avr/4.3.0/avr5\libgcc.a(_le_sf.o)
 .bss           0x0080020c        0x0 c:/winavr-20080512/bin/../lib/gcc/avr/4.3.0/avr5\libgcc.a(_sf_to_si.o)
 .bss           0x0080020c        0x0 c:/winavr-20080512/bin/../lib/gcc/avr/4.3.0/avr5\libgcc.a(_thenan_sf.o)
 .bss           0x0080020c        0x0 c:/winavr-20080512/bin/../lib/gcc/avr/4.3.0/avr5\libgcc.a(_usi_to_sf.o)
 .bss           0x0080020c        0x0 c:/winavr-20080512/bin/../lib/gcc/avr/4.3.0/avr5\libgcc.a(_prologue.o)
 .bss           0x0080020c        0x0 c:/winavr-20080512/bin/../lib/gcc/avr/4.3.0/avr5\libgcc.a(_epilogue.o)
 .bss           0x0080020c        0x0 c:/winavr-20080512/bin/../lib/gcc/avr/4.3.0/avr5\libgcc.a(_clzsi2.o)
 .bss           0x0080020c        0x0 c:/winavr-20080512/bin/../lib/gcc/avr/4.3.0/avr5\libgcc.a(_pack_sf.o)
 .bss           0x0080020c        0x0 c:/winavr-20080512/bin/../lib/gcc/avr/4.3.0/avr5\libgcc.a(_unpack_sf.o)
 .bss           0x0080020c        0x0 c:/winavr-20080512/bin/../lib/gcc/avr/4.3.0/avr5\libgcc.a(_fpcmp_parts_sf.o)
 .bss           0x0080020c        0x0 c:/winavr-20080512/bin/../lib/gcc/avr/4.3.0/avr5\libgcc.a(_clz.o)
 .bss           0x0080020c        0x0 c:/winavr-20080512/bin/../lib/gcc/avr/4.3.0/../../../../avr/lib/avr5\libc.a(eerd_word.o)
 .bss           0x0080020c        0x0 c:/winavr-20080512/bin/../lib/gcc/avr/4.3.0/../../../../avr/lib/avr5\libc.a(eewr_word.o)
 *(.bss*)
 *(COMMON)
 COMMON         0x0080020c       0x27 TEC_board_arduino_nano.o
                0x0080020c                txBuf
                0x00800218                setData
                0x0080021a                sensorData
                0x0080021e                rxBuf
                0x0080022a                coolerState
                0x0080022b                E
                0x0080022f                U
                0x00800233                PROVIDE (__bss_end, .)
                0x0000184e                __data_load_start = LOADADDR (.data)
                0x00001956                __data_load_end = (__data_load_start + SIZEOF (.data))

.noinit         0x00800233        0x0
                0x00800233                PROVIDE (__noinit_start, .)
 *(.noinit*)
                0x00800233                PROVIDE (__noinit_end, .)
                0x00800233                _end = .
                0x00800233                PROVIDE (__heap_start, .)

.eeprom         0x00810000        0x3
 *(.eeprom*)
 .eeprom        0x00810000        0x3 TEC_board_arduino_nano.o
                0x00810002                savedCoolerState
                0x00810000                savedSetData
                0x00810003                __eeprom_end = .

.fuse
 *(.fuse)
 *(.lfuse)
 *(.hfuse)
 *(.efuse)

.lock
 *(.lock*)

.signature
 *(.signature*)

.stab
 *(.stab)

.stabstr
 *(.stabstr)

.stab.excl
 *(.stab.excl)

.stab.exclstr
 *(.stab.exclstr)

.stab.index
 *(.stab.index)

.stab.indexstr
 *(.stab.indexstr)

.comment
 *(.comment)

.debug
 *(.debug)

.line
 *(.line)

.debug_srcinfo
 *(.debug_srcinfo)

.debug_sfnames
 *(.debug_sfnames)

.debug_aranges  0x00000000       0x20
 *(.debug_aranges)
 .debug_aranges
                0x00000000       0x20 TEC_board_arduino_nano.o

.debug_pubnames
                0x00000000      0x215
 *(.debug_pubnames)
 .debug_pubnames
                0x00000000      0x215 TEC_board_arduino_nano.o

.debug_info     0x00000000      0xd3f
 *(.debug_info)
 .debug_info    0x00000000      0xd3f TEC_board_arduino_nano.o
 *(.gnu.linkonce.wi.*)

.debug_abbrev   0x00000000      0x366
 *(.debug_abbrev)
 .debug_abbrev  0x00000000      0x366 TEC_board_arduino_nano.o

.debug_line     0x00000000      0xbe4
 *(.debug_line)
 .debug_line    0x00000000      0xbe4 TEC_board_arduino_nano.o

.debug_frame    0x00000000      0x180
 *(.debug_frame)
 .debug_frame   0x00000000      0x180 TEC_board_arduino_nano.o

.debug_str      0x00000000      0x308
 *(.debug_str)
 .debug_str     0x00000000      0x308 TEC_board_arduino_nano.o
                                0x341 (size before relaxing)

.debug_loc      0x00000000      0x6ec
 *(.debug_loc)
 .debug_loc     0x00000000      0x6ec TEC_board_arduino_nano.o

.debug_macinfo
 *(.debug_macinfo)
OUTPUT(TEC_board_arduino_nano.elf elf32-avr)
LOAD linker stubs

.debug_ranges   0x00000000      0x2e8
 .debug_ranges  0x00000000      0x2e8 TEC_board_arduino_nano.o
